// Jest Snapshot v1, https://goo.gl/fbAQLP

exports[`Home 1`] = `
<View
  pointerEvents="box-none"
  style={
    Object {
      "flex": 1,
    }
  }
>
  <View
    collapsable={true}
    pointerEvents="box-none"
    style={
      Object {
        "flex": 1,
      }
    }
  >
    <SafeAreaView>
      <ScrollView
        contentInsetAdjustmentBehavior="automatic"
        style={
          Object {
            "backgroundColor": "#F3F3F3",
          }
        }
      >
        <View
          accessibilityIgnoresInvertColors={true}
          style={
            Object {
              "backgroundColor": "#F3F3F3",
              "paddingBottom": 40,
              "paddingHorizontal": 32,
              "paddingTop": 96,
            }
          }
        >
          <Image
            accessibilityRole="image"
            source={
              Object {
                "process": [Function],
              }
            }
            style={
              Array [
                Object {
                  "bottom": 0,
                  "left": 0,
                  "position": "absolute",
                  "right": 0,
                  "top": 0,
                },
                Object {
                  "height": undefined,
                  "width": undefined,
                },
                Object {
                  "marginBottom": -192,
                  "marginLeft": -128,
                  "opacity": 0.2,
                  "overflow": "visible",
                  "resizeMode": "cover",
                },
              ]
            }
          />
          <Text
            style={
              Object {
                "color": "#000",
                "fontSize": 40,
                "fontWeight": "600",
                "textAlign": "center",
              }
            }
          >
            Welcome to React
          </Text>
        </View>
        <TouchableOpacity
          style={
            Object {
              "marginTop": 32,
              "paddingHorizontal": 24,
            }
          }
        >
          <Text
            style={
              Object {
                "color": "#000",
                "fontSize": 24,
                "fontWeight": "600",
              }
            }
          >
            Ir a la pantalla de Contador
          </Text>
          <Text
            style={
              Object {
                "color": "#444",
                "fontSize": 18,
                "fontWeight": "400",
                "marginTop": 8,
              }
            }
          />
        </TouchableOpacity>
      </ScrollView>
    </SafeAreaView>
  </View>
</View>
`;
