// Jest Snapshot v1, https://goo.gl/fbAQLP

exports[`BaseInput 1`] = `
<View
  pointerEvents="box-none"
  style={
    Object {
      "flex": 1,
    }
  }
>
  <View
    collapsable={true}
    pointerEvents="box-none"
    style={
      Object {
        "flex": 1,
      }
    }
  >
    <View
      style={
        Array [
          undefined,
        ]
      }
      testID="box"
    >
      <TextInput
        allowFontScaling={true}
        placeholder="palceholder test"
        placeholderTextColor="gray"
        rejectResponderTermination={true}
        style={
          Array [
            undefined,
          ]
        }
        testID="textInput"
        underlineColorAndroid="transparent"
        value="value test"
      />
      <View
        style={
          Object {
            "backgroundColor": "black",
            "bottom": 0,
            "height": 2,
            "left": "50%",
            "position": "absolute",
            "right": "50%",
          }
        }
        testID="borderBottom"
      />
    </View>
  </View>
</View>
`;
