// Jest Snapshot v1, https://goo.gl/fbAQLP

exports[`BorderButton 1`] = `
<View
  pointerEvents="box-none"
  style={
    Object {
      "flex": 1,
    }
  }
>
  <View
    collapsable={true}
    pointerEvents="box-none"
    style={
      Object {
        "flex": 1,
      }
    }
  >
    <TouchableOpacity
      style={
        Array [
          Array [
            Object {
              "alignItems": "center",
              "flex": 1,
              "justifyContent": "center",
            },
            undefined,
          ],
        ]
      }
      testID="box"
    >
      <Text
        style={
          Array [
            Array [
              Object {
                "borderRadius": 6,
                "borderWidth": 1,
                "fontSize": 18,
                "paddingHorizontal": 18,
                "paddingVertical": 8,
              },
              undefined,
            ],
          ]
        }
        testID="text"
      >
        Test
      </Text>
    </TouchableOpacity>
  </View>
</View>
`;
